D:\JavaProject\MealApp2\src\main\java\app\mealapp2\Controllers\OrderController.java
D:\JavaProject\MealApp2\src\main\java\app\mealapp2\Storage\CateringDataStore.java
D:\JavaProject\MealApp2\src\main\java\app\mealapp2\Controllers\StartController.java
D:\JavaProject\MealApp2\src\main\java\app\mealapp2\Controllers\UserListController.java
D:\JavaProject\MealApp2\src\main\java\app\mealapp2\Managers\OperatorManager.java
D:\JavaProject\MealApp2\src\main\java\app\mealapp2\Styles\StyleUtil.java
D:\JavaProject\MealApp2\src\main\java\app\mealapp2\Managers\OrderManager.java
D:\JavaProject\MealApp2\src\main\java\app\mealapp2\Constants.java
D:\JavaProject\MealApp2\src\main\java\app\mealapp2\Managers\AdminManager.java
D:\JavaProject\MealApp2\src\main\java\app\mealapp2\Controllers\RegistrationController.java
D:\JavaProject\MealApp2\src\main\java\app\mealapp2\Controllers\AdminLoginController.java
D:\JavaProject\MealApp2\src\main\java\app\mealapp2\Controllers\GuestsOrdersController.java
D:\JavaProject\MealApp2\src\main\java\app\mealapp2\Controllers\AdminScreenController.java
D:\JavaProject\MealApp2\src\main\java\app\mealapp2\Managers\RegistrationManager.java
D:\JavaProject\MealApp2\src\main\java\app\mealapp2\Controllers\OperatorController.java
D:\JavaProject\MealApp2\src\main\java\app\mealapp2\Controllers\UserOrderCheckController.java
D:\JavaProject\MealApp2\src\main\java\app\mealapp2\App.java
D:\JavaProject\MealApp2\src\main\java\app\mealapp2\Entity\Order.java
D:\JavaProject\MealApp2\src\main\java\app\mealapp2\Entity\User.java
D:\JavaProject\MealApp2\src\main\java\app\mealapp2\Entity\Meal.java
